// Jest Snapshot v1, https://goo.gl/fbAQLP

exports[`Divider.ts render a dark component 1`] = `<hr role="separator" area-orientation="horizontal" class="dark divider">`;

exports[`Divider.ts should render 1`] = `<hr role="separator" area-orientation="horizontal" class="light divider">`;
