// Jest Snapshot v1, https://goo.gl/fbAQLP

exports[`MdiIcon.ts should render button when having click listener 1`] = `
<button type="button" style="width: 24px; height: 36px; background-color: transparent; cursor: pointer; outline: none; padding: 0px; appearance: none;"><svg xmlns="http://www.w3.org/2000/svg" viewBox="0 0 24 24" role="img" area-hidden="true" style="font-size: 24px; width: 24px; height: 24px; fill: currentColor; vertical-align: middle;">
    <path d="M20.71,7.04C21.1,6.65 21.1,6 20.71,5.63L18.37,3.29C18,2.9 17.35,2.9 16.96,3.29L15.12,5.12L18.87,8.87M3,17.25V21H6.75L17.81,9.93L14.06,6.18L3,17.25Z"></path>
  </svg></button>
`;

exports[`MdiIcon.ts should render mdi icon 1`] = `<span area-hidden="true" style="width: 24px; height: 36px; background-color: transparent; cursor: pointer; outline: none; padding: 0px; appearance: none;"><svg xmlns="http://www.w3.org/2000/svg" viewBox="0 0 24 24" role="img" area-hidden="true" style="font-size: 24px; width: 24px; height: 24px; fill: currentColor; vertical-align: middle;"><path d="M19,6.41L17.59,5L12,10.59L6.41,5L5,6.41L10.59,12L5,17.59L6.41,19L12,13.41L17.59,19L19,17.59L13.41,12L19,6.41Z"></path></svg></span>`;
